I'm sorry, but errors were detected in your script. Please correct the
errors listed below, and try again.


File "game/options.rpy", line 32: is not terminated with a newline. (Check strings and parenthesis.)
    define gui.about = _("coded & written by alexandra tang. art by jessica chu. \n \n"

Ren'Py Version: Ren'Py 6.99.12.4.2187
